// Vitest Snapshot v1, https://vitest.dev/guide/snapshot.html

exports[`파일 파서 스냅샷 테스트 > 모듈 파싱 > should parse 테스트.risum 1`] = `
{
  "fileName": "테스트.risum",
  "fileSize": 954949,
  "fileType": "risum",
}
`;

exports[`파일 파서 스냅샷 테스트 > 모듈 파싱 > should parse 🍄제논 dlc.risum 1`] = `
{
  "fileName": "🍄제논 dlc.risum",
  "fileSize": 10814572,
  "fileType": "risum",
}
`;

exports[`파일 파서 스냅샷 테스트 > 모듈 파싱 > should parse 🔦라이트보드 🌠 삽화 3.1.1 Pre E.risum 1`] = `
{
  "fileName": "🔦라이트보드 🌠 삽화 3.1.1 Pre E.risum",
  "fileSize": 82762,
  "fileType": "risum",
}
`;

exports[`파일 파서 스냅샷 테스트 > 캐릭터 카드 파싱 > should parse Sae Uraguchi.charx 1`] = `
{
  "fileName": "Sae Uraguchi.charx",
  "fileSize": 23184800,
  "fileType": "charx",
}
`;

exports[`파일 파서 스냅샷 테스트 > 캐릭터 카드 파싱 > should parse test_bot.png 1`] = `
{
  "fileName": "test_bot.png",
  "fileSize": 2169740,
  "fileType": "png",
}
`;

exports[`파일 파서 스냅샷 테스트 > 캐릭터 카드 파싱 > should parse test_bot2.jpeg 1`] = `
{
  "fileName": "test_bot2.jpeg",
  "fileSize": 454428,
  "fileType": "jpeg",
}
`;

exports[`파일 파서 스냅샷 테스트 > 프리셋 파싱 > should parse 🔭 망원경 V 1.1.21 _preset.risup 1`] = `
{
  "fileName": "🔭 망원경 V 1.1.21 _preset.risup",
  "fileSize": 36344,
  "fileType": "risup",
}
`;

exports[`파일 파서 스냅샷 테스트 > 프리셋 파싱 > should parse 🦋PSYCHE v0.9.risup 1`] = `
{
  "fileName": "🦋PSYCHE v0.9.risup",
  "fileSize": 43917,
  "fileType": "risup",
}
`;
